26-Jun-26 10:46:29.66 - JARVIS startup launched 
26-Jun-26 10:46:31.19 - HUD and Voice modules started 
01.07.2026 13:34:56,08 - JARVIS startup launched 
01.07.2026 13:34:58,16 - HUD and Voice modules started 
01.07.2026 13:35:11,06 - JARVIS startup launched 
01.07.2026 13:35:13,22 - HUD and Voice modules started 
01.07.2026 13:35:25,40 - JARVIS startup launched 
01.07.2026 13:35:27,21 - HUD and Voice modules started 
01.07.2026 13:35:39,07 - JARVIS startup launched 
01.07.2026 13:35:41,21 - HUD and Voice modules started 
01.07.2026 13:36:48,00 - JARVIS startup launched 
01.07.2026 13:36:50,16 - HUD and Voice modules started 
01.07.2026 13:49:16,96 - JARVIS startup launched 
01.07.2026 13:49:18,19 - HUD and Voice modules started 
01.07.2026 13:49:29,13 - JARVIS startup launched 
01.07.2026 13:49:31,21 - HUD and Voice modules started 
Sat 07/04/2026 22:15:27.75 - JARVIS startup launched 
Sat 07/04/2026 22:15:29.23 - HUD and Voice modules started 
Sat 07/04/2026 22:16:48.89 - JARVIS startup launched 
Sat 07/04/2026 22:16:50.15 - HUD and Voice modules started 
Sun 07/05/2026  7:21:37.28 - JARVIS startup launched 
Sun 07/05/2026  7:21:39.19 - HUD and Voice modules started 
Mon 07/06/2026  1:24:19.48 - JARVIS startup launched 
Mon 07/06/2026  1:24:21.19 - HUD and Voice modules started 
Mon 07/06/2026 21:25:06.22 - JARVIS startup launched 
Mon 07/06/2026 21:25:08.17 - HUD and Voice modules started 
Tue 07/07/2026  9:11:30.81 - JARVIS startup launched 
Tue 07/07/2026  9:11:32.22 - HUD and Voice modules started 
Tue 07/07/2026 22:18:03.85 - JARVIS startup launched 
Tue 07/07/2026 22:18:05.13 - HUD and Voice modules started 
Wed 07/08/2026  7:44:45.78 - JARVIS startup launched 
Wed 07/08/2026  7:44:47.16 - HUD and Voice modules started 
Thu 07/09/2026  8:06:29.63 - JARVIS startup launched 
Thu 07/09/2026  8:06:31.13 - HUD and Voice modules started 
Thu 07/09/2026 13:06:48.15 - JARVIS startup launched 
Thu 07/09/2026 13:06:50.18 - HUD and Voice modules started 
Thu 07/09/2026 19:18:40.29 - JARVIS startup launched 
Thu 07/09/2026 19:18:42.12 - HUD and Voice modules started 
Fri 07/10/2026  5:33:12.67 - JARVIS startup launched 
Fri 07/10/2026  5:33:14.18 - HUD and Voice modules started 
